  Γû▓ Next.js 14.2.3

   Creating an optimized production build ...
 Γ£ô Compiled successfully
   Linting and checking validity of types ...
node.exe : Failed 
to compile.
At line:1 char:1
+ & "C:\Program File
s\nodejs/node.exe" 
"C:\Program Files\no
dejs/node_mo ...
+ ~~~~~~~~~~~~~~~~~~
~~~~~~~~~~~~~~~~~~~~
~~~~~~~~~~~~~~~~~~~~
~~~~~~~~~~~
    + CategoryInfo  
            : NotS  
  pecified: (Fail   
 ed to compile.:    
String) [], Rem    
oteException
    + FullyQualifie 
   dErrorId : Nati  
  veCommandError
 

./src/components/adm
in/user-map.tsx:23:2
0
Type error: Cannot 
find module 'leaflet
/dist/leaflet.css' 
or its 
corresponding type 
declarations.

[0m [90m 21 
|[39m     
[36mconst[39m 
initMap [33m=[39m 
[36masync[39m () 
[33m=>[39m {[0m
[0m [90m 22 
|[39m       
[36mconst[39m 
[33mL[39m 
[33m=[39m 
([36mawait[39m [3
6mimport[39m([32m"
leaflet"[39m))[33m
.[39m[36mdefault[
39m[33m;[39m[0m
[0m[31m[1m>[22m
[39m[90m 23 |[39m 
      
[36mawait[39m [36
mimport[39m([32m"l
eaflet/dist/leaflet.
css"[39m)[33m;[39
m[0m
[0m [90m    
|[39m              
      [31m[1m^[22
m[39m[0m
[0m [90m 24 
|[39m[0m
[0m [90m 25 
|[39m       
[36mconst[39m map 
[33m=[39m [33mL[
39m[33m.[39mmap(ma
pRef[33m.[39mcurre
nt[33m![39m[33m,
[39m {[0m
[0m [90m 26 
|[39m         
center[33m:[39m [
[35m7.9465[39m[33m
,[39m [33m-[39m[
35m1.0232[39m][33m
,[39m [90m// 
Ghana 
center[39m[0m
